// Jest Snapshot v1, https://goo.gl/fbAQLP

exports[`LeaderBoard Component renders correctly 1`] = `
<View
  style={
    {
      "alignItems": "center",
      "backgroundColor": "#CBE6F7",
      "flex": 1,
    }
  }
>
  <View
    style={
      {
        "alignItems": "center",
        "flex": 1,
        "height": "10%",
        "justifyContent": "center",
        "width": "100%",
      }
    }
  >
    <Text
      style={
        [
          {
            "fontFamily": "Quicksand",
          },
          {
            "color": "black",
            "fontSize": 24,
            "fontWeight": "bold",
          },
        ]
      }
    >
      Leaderboard
    </Text>
  </View>
  <View
    style={
      {
        "alignItems": "center",
        "flex": 1,
        "flexDirection": "row",
        "justifyContent": "space-around",
        "padding": 10,
        "width": "100%",
      }
    }
  >
    <View
      accessibilityState={
        {
          "busy": undefined,
          "checked": undefined,
          "disabled": undefined,
          "expanded": undefined,
          "selected": undefined,
        }
      }
      accessibilityValue={
        {
          "max": undefined,
          "min": undefined,
          "now": undefined,
          "text": undefined,
        }
      }
      accessible={true}
      collapsable={false}
      focusable={true}
      onClick={[Function]}
      onResponderGrant={[Function]}
      onResponderMove={[Function]}
      onResponderRelease={[Function]}
      onResponderTerminate={[Function]}
      onResponderTerminationRequest={[Function]}
      onStartShouldSetResponder={[Function]}
      style={
        {
          "backgroundColor": "white",
          "borderColor": "#8BF0BC",
          "borderRadius": 10,
          "borderWidth": 1,
          "marginBottom": 10,
          "opacity": 1,
          "padding": 10,
        }
      }
    >
      MaterialCommunityIconsMock
    </View>
    <View
      accessibilityState={
        {
          "busy": undefined,
          "checked": undefined,
          "disabled": undefined,
          "expanded": undefined,
          "selected": undefined,
        }
      }
      accessibilityValue={
        {
          "max": undefined,
          "min": undefined,
          "now": undefined,
          "text": undefined,
        }
      }
      accessible={true}
      collapsable={false}
      focusable={true}
      onClick={[Function]}
      onResponderGrant={[Function]}
      onResponderMove={[Function]}
      onResponderRelease={[Function]}
      onResponderTerminate={[Function]}
      onResponderTerminationRequest={[Function]}
      onStartShouldSetResponder={[Function]}
      style={
        {
          "backgroundColor": "white",
          "borderColor": "#8BF0BC",
          "borderRadius": 10,
          "borderWidth": 1,
          "marginBottom": 10,
          "opacity": 1,
          "padding": 10,
        }
      }
    >
      <Text
        style={
          [
            {
              "fontFamily": "Quicksand",
            },
            undefined,
          ]
        }
      >
        2025-03-15
      </Text>
    </View>
    <View
      accessibilityState={
        {
          "busy": undefined,
          "checked": undefined,
          "disabled": undefined,
          "expanded": undefined,
          "selected": undefined,
        }
      }
      accessibilityValue={
        {
          "max": undefined,
          "min": undefined,
          "now": undefined,
          "text": undefined,
        }
      }
      accessible={true}
      collapsable={false}
      focusable={true}
      onClick={[Function]}
      onResponderGrant={[Function]}
      onResponderMove={[Function]}
      onResponderRelease={[Function]}
      onResponderTerminate={[Function]}
      onResponderTerminationRequest={[Function]}
      onStartShouldSetResponder={[Function]}
      style={
        {
          "backgroundColor": "white",
          "borderColor": "#8BF0BC",
          "borderRadius": 10,
          "borderWidth": 1,
          "marginBottom": 10,
          "opacity": 1,
          "padding": 10,
        }
      }
    >
      MaterialCommunityIconsMock
    </View>
  </View>
  <View
    style={
      {
        "alignItems": "center",
        "backgroundColor": "white",
        "borderWidth": 1,
        "flex": 7,
        "width": "100%",
      }
    }
  >
    <Text
      style={
        [
          {
            "fontFamily": "Quicksand",
          },
          undefined,
        ]
      }
    >
      No entries yet
    </Text>
  </View>
  <View
    style={
      {
        "alignItems": "center",
        "flex": 1.5,
        "justifyContent": "center",
        "width": "100%",
      }
    }
  />
</View>
`;
