// Jest Snapshot v1, https://goo.gl/fbAQLP

exports[`Menu Component renders correctly 1`] = `
<View
  style={
    {
      "alignItems": "center",
      "backgroundColor": "#CBE6F7",
      "flex": 1,
      "justifyContent": "center",
    }
  }
>
  <Image
    resizeMode="contain"
    source={
      {
        "testUri": "../../../assets/images/logo.png",
      }
    }
    style={
      {
        "height": 400.2,
        "width": "90%",
      }
    }
  />
  <View
    style={
      {
        "flex": 2,
        "flexDirection": "column",
        "width": "100%",
      }
    }
  >
    <View
      style={
        {
          "alignItems": "center",
          "justifyContent": "center",
          "marginVertical": 5,
          "width": "100%",
        }
      }
    >
      <View
        collapsable={false}
        style={
          {
            "transform": [
              {
                "translateX": 750,
              },
            ],
            "width": "80%",
          }
        }
      >
        <View
          accessibilityState={
            {
              "busy": undefined,
              "checked": undefined,
              "disabled": undefined,
              "expanded": undefined,
              "selected": undefined,
            }
          }
          accessibilityValue={
            {
              "max": undefined,
              "min": undefined,
              "now": undefined,
              "text": undefined,
            }
          }
          accessible={true}
          collapsable={false}
          focusable={true}
          onClick={[Function]}
          onResponderGrant={[Function]}
          onResponderMove={[Function]}
          onResponderRelease={[Function]}
          onResponderTerminate={[Function]}
          onResponderTerminationRequest={[Function]}
          onStartShouldSetResponder={[Function]}
          style={
            {
              "alignItems": "center",
              "backgroundColor": "white",
              "borderColor": "#8BF0BC",
              "borderRadius": 10,
              "borderWidth": 1,
              "justifyContent": "center",
              "opacity": 1,
              "padding": 10,
            }
          }
          testID="menuButton"
        >
          <Text
            style={
              [
                {
                  "fontFamily": "Quicksand",
                },
                {
                  "color": "black",
                  "fontSize": 51,
                  "textAlign": "center",
                },
              ]
            }
          >
            Puzzle of the Day
          </Text>
        </View>
      </View>
    </View>
    <View
      style={
        {
          "alignItems": "center",
          "justifyContent": "center",
          "marginVertical": 5,
          "width": "100%",
        }
      }
    >
      <View
        collapsable={false}
        style={
          {
            "transform": [
              {
                "translateX": 750,
              },
            ],
            "width": "80%",
          }
        }
      >
        <View
          accessibilityState={
            {
              "busy": undefined,
              "checked": undefined,
              "disabled": undefined,
              "expanded": undefined,
              "selected": undefined,
            }
          }
          accessibilityValue={
            {
              "max": undefined,
              "min": undefined,
              "now": undefined,
              "text": undefined,
            }
          }
          accessible={true}
          collapsable={false}
          focusable={true}
          onClick={[Function]}
          onResponderGrant={[Function]}
          onResponderMove={[Function]}
          onResponderRelease={[Function]}
          onResponderTerminate={[Function]}
          onResponderTerminationRequest={[Function]}
          onStartShouldSetResponder={[Function]}
          style={
            {
              "alignItems": "center",
              "backgroundColor": "white",
              "borderColor": "#8BF0BC",
              "borderRadius": 10,
              "borderWidth": 1,
              "justifyContent": "center",
              "opacity": 1,
              "padding": 10,
            }
          }
          testID="menuButton"
        >
          <Text
            style={
              [
                {
                  "fontFamily": "Quicksand",
                },
                {
                  "color": "black",
                  "fontSize": 51,
                  "textAlign": "center",
                },
              ]
            }
          >
            Endless Mode
          </Text>
        </View>
      </View>
    </View>
    <View
      style={
        {
          "alignItems": "center",
          "justifyContent": "center",
          "marginVertical": 5,
          "width": "100%",
        }
      }
    >
      <View
        collapsable={false}
        style={
          {
            "transform": [
              {
                "translateX": 750,
              },
            ],
            "width": "80%",
          }
        }
      >
        <View
          accessibilityState={
            {
              "busy": undefined,
              "checked": undefined,
              "disabled": undefined,
              "expanded": undefined,
              "selected": undefined,
            }
          }
          accessibilityValue={
            {
              "max": undefined,
              "min": undefined,
              "now": undefined,
              "text": undefined,
            }
          }
          accessible={true}
          collapsable={false}
          focusable={true}
          onClick={[Function]}
          onResponderGrant={[Function]}
          onResponderMove={[Function]}
          onResponderRelease={[Function]}
          onResponderTerminate={[Function]}
          onResponderTerminationRequest={[Function]}
          onStartShouldSetResponder={[Function]}
          style={
            {
              "alignItems": "center",
              "backgroundColor": "white",
              "borderColor": "#8BF0BC",
              "borderRadius": 10,
              "borderWidth": 1,
              "justifyContent": "center",
              "opacity": 1,
              "padding": 10,
            }
          }
          testID="menuButton"
        >
          <Text
            style={
              [
                {
                  "fontFamily": "Quicksand",
                },
                {
                  "color": "black",
                  "fontSize": 51,
                  "textAlign": "center",
                },
              ]
            }
          >
            Stats
          </Text>
        </View>
      </View>
    </View>
    <View
      style={
        {
          "alignItems": "center",
          "justifyContent": "center",
          "marginVertical": 5,
          "width": "100%",
        }
      }
    >
      <View
        collapsable={false}
        style={
          {
            "transform": [
              {
                "translateX": 750,
              },
            ],
            "width": "80%",
          }
        }
      >
        <View
          accessibilityState={
            {
              "busy": undefined,
              "checked": undefined,
              "disabled": undefined,
              "expanded": undefined,
              "selected": undefined,
            }
          }
          accessibilityValue={
            {
              "max": undefined,
              "min": undefined,
              "now": undefined,
              "text": undefined,
            }
          }
          accessible={true}
          collapsable={false}
          focusable={true}
          onClick={[Function]}
          onResponderGrant={[Function]}
          onResponderMove={[Function]}
          onResponderRelease={[Function]}
          onResponderTerminate={[Function]}
          onResponderTerminationRequest={[Function]}
          onStartShouldSetResponder={[Function]}
          style={
            {
              "alignItems": "center",
              "backgroundColor": "white",
              "borderColor": "#8BF0BC",
              "borderRadius": 10,
              "borderWidth": 1,
              "justifyContent": "center",
              "opacity": 1,
              "padding": 10,
            }
          }
          testID="menuButton"
        >
          <Text
            style={
              [
                {
                  "fontFamily": "Quicksand",
                },
                {
                  "color": "black",
                  "fontSize": 51,
                  "textAlign": "center",
                },
              ]
            }
          >
            Leaderboards
          </Text>
        </View>
      </View>
    </View>
    <View
      style={
        {
          "alignItems": "center",
          "justifyContent": "center",
          "marginVertical": 5,
          "width": "100%",
        }
      }
    >
      <View
        collapsable={false}
        style={
          {
            "transform": [
              {
                "translateX": 750,
              },
            ],
            "width": "80%",
          }
        }
      >
        <View
          accessibilityState={
            {
              "busy": undefined,
              "checked": undefined,
              "disabled": undefined,
              "expanded": undefined,
              "selected": undefined,
            }
          }
          accessibilityValue={
            {
              "max": undefined,
              "min": undefined,
              "now": undefined,
              "text": undefined,
            }
          }
          accessible={true}
          collapsable={false}
          focusable={true}
          onClick={[Function]}
          onResponderGrant={[Function]}
          onResponderMove={[Function]}
          onResponderRelease={[Function]}
          onResponderTerminate={[Function]}
          onResponderTerminationRequest={[Function]}
          onStartShouldSetResponder={[Function]}
          style={
            {
              "alignItems": "center",
              "backgroundColor": "white",
              "borderColor": "#8BF0BC",
              "borderRadius": 10,
              "borderWidth": 1,
              "justifyContent": "center",
              "opacity": 1,
              "padding": 10,
            }
          }
          testID="menuButton"
        >
          <Text
            style={
              [
                {
                  "fontFamily": "Quicksand",
                },
                {
                  "color": "black",
                  "fontSize": 51,
                  "textAlign": "center",
                },
              ]
            }
          >
            Settings
          </Text>
        </View>
      </View>
    </View>
    <View
      style={
        {
          "alignItems": "center",
          "flex": 1,
          "flexDirection": "row",
          "justifyContent": "space-evenly",
          "width": "100%",
        }
      }
    >
      <View
        style={
          {
            "height": "100%",
            "paddingBottom": "10%",
            "width": "40%",
          }
        }
      >
        <View
          style={
            {
              "alignItems": "center",
              "justifyContent": "center",
              "marginVertical": 5,
              "width": "100%",
            }
          }
        >
          <View
            collapsable={false}
            style={
              {
                "transform": [
                  {
                    "translateX": 750,
                  },
                ],
                "width": "80%",
              }
            }
          >
            <View
              accessibilityState={
                {
                  "busy": undefined,
                  "checked": undefined,
                  "disabled": undefined,
                  "expanded": undefined,
                  "selected": undefined,
                }
              }
              accessibilityValue={
                {
                  "max": undefined,
                  "min": undefined,
                  "now": undefined,
                  "text": undefined,
                }
              }
              accessible={true}
              collapsable={false}
              focusable={true}
              onClick={[Function]}
              onResponderGrant={[Function]}
              onResponderMove={[Function]}
              onResponderRelease={[Function]}
              onResponderTerminate={[Function]}
              onResponderTerminationRequest={[Function]}
              onStartShouldSetResponder={[Function]}
              style={
                {
                  "alignItems": "center",
                  "backgroundColor": "white",
                  "borderColor": "#8BF0BC",
                  "borderRadius": 10,
                  "borderWidth": 1,
                  "height": "100%",
                  "justifyContent": "center",
                  "opacity": 1,
                  "padding": 10,
                }
              }
              testID="menuButton"
            >
              <Text
                style={
                  [
                    {
                      "fontFamily": "Quicksand",
                    },
                    {
                      "color": "black",
                      "fontSize": 51,
                      "textAlign": "center",
                    },
                  ]
                }
              >
                Log Out
              </Text>
            </View>
          </View>
        </View>
      </View>
      <View
        style={
          {
            "height": "100%",
            "paddingBottom": "10%",
            "width": "40%",
          }
        }
      >
        <View
          style={
            {
              "alignItems": "center",
              "justifyContent": "center",
              "marginVertical": 5,
              "width": "100%",
            }
          }
        >
          <View
            collapsable={false}
            style={
              {
                "transform": [
                  {
                    "translateX": 750,
                  },
                ],
                "width": "80%",
              }
            }
          >
            <View
              accessibilityState={
                {
                  "busy": undefined,
                  "checked": undefined,
                  "disabled": undefined,
                  "expanded": undefined,
                  "selected": undefined,
                }
              }
              accessibilityValue={
                {
                  "max": undefined,
                  "min": undefined,
                  "now": undefined,
                  "text": undefined,
                }
              }
              accessible={true}
              collapsable={false}
              focusable={true}
              onClick={[Function]}
              onResponderGrant={[Function]}
              onResponderMove={[Function]}
              onResponderRelease={[Function]}
              onResponderTerminate={[Function]}
              onResponderTerminationRequest={[Function]}
              onStartShouldSetResponder={[Function]}
              style={
                {
                  "alignItems": "center",
                  "backgroundColor": "white",
                  "borderColor": "#8BF0BC",
                  "borderRadius": 10,
                  "borderWidth": 1,
                  "height": "100%",
                  "justifyContent": "center",
                  "opacity": 1,
                  "padding": 10,
                }
              }
              testID="menuButton"
            >
              <Text
                style={
                  [
                    {
                      "fontFamily": "Quicksand",
                    },
                    {
                      "color": "black",
                      "fontSize": 51,
                      "textAlign": "center",
                    },
                  ]
                }
              >
                Exit
              </Text>
            </View>
          </View>
        </View>
      </View>
    </View>
  </View>
</View>
`;
