// Jest Snapshot v1, https://goo.gl/fbAQLP

exports[`PuzzleOfTheDay Component renders correctly 1`] = `
<View
  style={
    {
      "alignItems": "center",
      "backgroundColor": "#CBE6F7",
      "flex": 1,
      "justifyContent": "center",
    }
  }
/>
`;
