// Jest Snapshot v1, https://goo.gl/fbAQLP

exports[`Auth Button renders correctly with inherited style 1`] = `
<View
  accessibilityState={
    {
      "busy": undefined,
      "checked": undefined,
      "disabled": undefined,
      "expanded": undefined,
      "selected": undefined,
    }
  }
  accessibilityValue={
    {
      "max": undefined,
      "min": undefined,
      "now": undefined,
      "text": undefined,
    }
  }
  accessible={true}
  collapsable={false}
  focusable={true}
  onClick={[Function]}
  onResponderGrant={[Function]}
  onResponderMove={[Function]}
  onResponderRelease={[Function]}
  onResponderTerminate={[Function]}
  onResponderTerminationRequest={[Function]}
  onStartShouldSetResponder={[Function]}
  style={
    {
      "alignItems": "center",
      "backgroundColor": "#8BF0BC",
      "borderRadius": 10,
      "borderWidth": 1,
      "marginBottom": 20,
      "opacity": 1,
      "padding": 12,
      "width": "90%",
    }
  }
  testID="authButton"
>
  <Text
    style={
      [
        {
          "fontFamily": "Quicksand",
        },
        {
          "color": "black",
          "fontSize": 40,
          "fontWeight": "bold",
        },
      ]
    }
  >
    Close
  </Text>
</View>
`;
