// Jest Snapshot v1, https://goo.gl/fbAQLP

exports[`Definitions Component renders correctly 1`] = `
<View
  collapsable={false}
  style={
    {
      "alignItems": "center",
      "backgroundColor": "#8BF0BC",
      "borderBottomWidth": 1,
      "borderColor": "#8BF0BC",
      "borderRadius": 10,
      "borderTopWidth": 1,
      "height": "100%",
      "justifyContent": "center",
      "position": "absolute",
      "transform": [
        {
          "translateX": 0,
        },
        {
          "translateY": 1334,
        },
      ],
      "width": "100%",
    }
  }
>
  <RCTScrollView>
    <View>
      <View
        style={
          {
            "backgroundColor": "white",
            "borderColor": "#8BF0BC",
            "borderRadius": 10,
            "borderWidth": 1,
            "margin": 10,
            "padding": 20,
            "width": 675,
          }
        }
      >
        <Text
          style={
            [
              {
                "fontFamily": "Quicksand",
              },
              undefined,
            ]
          }
        >
          <Text
            style={
              [
                {
                  "fontFamily": "Quicksand",
                },
                {
                  "fontSize": 18,
                  "fontStyle": "italic",
                  "textTransform": "capitalize",
                },
              ]
            }
          >
            word
            : 
          </Text>
          <Text
            style={
              [
                {
                  "fontFamily": "Quicksand",
                },
                {
                  "fontSize": 18,
                },
              ]
            }
          >
            test definition
          </Text>
        </Text>
        <Text
          href="/dictionary?word=word"
          onPress={[Function]}
          role="link"
          style={
            {
              "alignSelf": "flex-end",
              "borderRadius": 5,
              "borderWidth": 1,
              "marginTop": 10,
              "padding": 5,
            }
          }
        >
          <Text
            style={
              [
                {
                  "fontFamily": "Quicksand",
                },
                undefined,
              ]
            }
          >
            More info
          </Text>
        </Text>
      </View>
    </View>
  </RCTScrollView>
</View>
`;
