// Jest Snapshot v1, https://goo.gl/fbAQLP

exports[`Definition Component renders correctly 1`] = `
<View
  style={
    {
      "backgroundColor": "white",
      "borderColor": "#8BF0BC",
      "borderRadius": 10,
      "borderWidth": 1,
      "margin": 10,
      "padding": 20,
      "width": 675,
    }
  }
>
  <Text
    style={
      [
        {
          "fontFamily": "Quicksand",
        },
        undefined,
      ]
    }
  >
    <Text
      style={
        [
          {
            "fontFamily": "Quicksand",
          },
          {
            "fontSize": 18,
            "fontStyle": "italic",
            "textTransform": "capitalize",
          },
        ]
      }
    >
      test
      : 
    </Text>
    <Text
      style={
        [
          {
            "fontFamily": "Quicksand",
          },
          {
            "fontSize": 18,
          },
        ]
      }
    >
      a test definition
    </Text>
  </Text>
  <Text
    style={
      [
        {
          "fontFamily": "Quicksand",
        },
        {
          "fontSize": 16,
          "fontStyle": "italic",
        },
      ]
    }
  >
    "
    test example
    "
  </Text>
  <Text
    href="/dictionary?word=test"
    onPress={[Function]}
    role="link"
    style={
      {
        "alignSelf": "flex-end",
        "borderRadius": 5,
        "borderWidth": 1,
        "marginTop": 10,
        "padding": 5,
      }
    }
  >
    <Text
      style={
        [
          {
            "fontFamily": "Quicksand",
          },
          undefined,
        ]
      }
    >
      More info
    </Text>
  </Text>
</View>
`;
