// Jest Snapshot v1, https://goo.gl/fbAQLP

exports[`EmptySquare Component renders correctly 1`] = `
<View
  style={
    [
      {
        "backgroundColor": "#FFFFFF",
        "borderRadius": 10,
        "height": 50,
        "width": 50,
        "zIndex": -1,
      },
      {
        "transform": [
          {
            "translateX": 0,
          },
          {
            "translateY": 0,
          },
        ],
      },
    ]
  }
/>
`;
