// Jest Snapshot v1, https://goo.gl/fbAQLP

exports[`LeaderboardEntry Component renders correctly 1`] = `
<View
  style={
    {
      "alignItems": "center",
      "justifyContent": "center",
    }
  }
>
  <View
    style={
      {
        "alignItems": "center",
        "backgroundColor": "white",
        "flexDirection": "row",
        "justifyContent": "center",
        "paddingVertical": 20,
        "width": "100%",
      }
    }
  >
    <Text
      style={
        [
          {
            "fontFamily": "Quicksand",
          },
          {
            "flex": 1,
            "fontSize": 16,
            "textAlign": "center",
          },
        ]
      }
    >
      1
    </Text>
    <Text
      style={
        [
          {
            "fontFamily": "Quicksand",
          },
          {
            "flex": 2,
            "fontSize": 16,
            "textAlign": "center",
          },
        ]
      }
    >
      Test
    </Text>
    <Text
      style={
        [
          {
            "fontFamily": "Quicksand",
          },
          {
            "flex": 1,
            "fontSize": 16,
            "textAlign": "center",
          },
        ]
      }
    >
      1
    </Text>
    <Text
      style={
        [
          {
            "fontFamily": "Quicksand",
          },
          {
            "flex": 1,
            "fontSize": 16,
            "textAlign": "center",
          },
        ]
      }
    >
      0:01
      s
    </Text>
    <View
      accessibilityState={
        {
          "busy": undefined,
          "checked": undefined,
          "disabled": undefined,
          "expanded": undefined,
          "selected": undefined,
        }
      }
      accessibilityValue={
        {
          "max": undefined,
          "min": undefined,
          "now": undefined,
          "text": undefined,
        }
      }
      accessible={true}
      collapsable={false}
      focusable={true}
      onClick={[Function]}
      onResponderGrant={[Function]}
      onResponderMove={[Function]}
      onResponderRelease={[Function]}
      onResponderTerminate={[Function]}
      onResponderTerminationRequest={[Function]}
      onStartShouldSetResponder={[Function]}
      style={
        {
          "flex": 1,
          "opacity": 1,
        }
      }
    >
      <Text
        style={
          [
            {
              "fontFamily": "Quicksand",
            },
            undefined,
          ]
        }
      >
        Show
      </Text>
    </View>
  </View>
  <View
    collapsable={false}
    style={
      {
        "alignItems": "center",
        "backgroundColor": "#CBE6F7",
        "borderRadius": 10,
        "borderWidth": 1,
        "height": 0,
        "justifyContent": "center",
        "width": "95%",
      }
    }
  >
    <View
      accessibilityState={
        {
          "busy": undefined,
          "checked": undefined,
          "disabled": undefined,
          "expanded": undefined,
          "selected": undefined,
        }
      }
      accessibilityValue={
        {
          "max": undefined,
          "min": undefined,
          "now": undefined,
          "text": undefined,
        }
      }
      accessible={true}
      collapsable={false}
      focusable={true}
      onClick={[Function]}
      onResponderGrant={[Function]}
      onResponderMove={[Function]}
      onResponderRelease={[Function]}
      onResponderTerminate={[Function]}
      onResponderTerminationRequest={[Function]}
      onStartShouldSetResponder={[Function]}
      style={
        {
          "opacity": 1,
        }
      }
    >
      <View
        collapsable={false}
        style={
          {
            "flexDirection": "row",
            "opacity": 0,
          }
        }
      >
        <View
          style={
            [
              {
                "alignItems": "center",
                "backgroundColor": "#8BF0BC",
                "borderRadius": 10,
                "justifyContent": "center",
              },
              {
                "display": "none",
                "height": 75,
                "width": 75,
              },
            ]
          }
        >
          <View
            style={
              {
                "alignItems": "center",
                "borderRadius": 10,
                "borderWidth": 1,
                "height": "100%",
                "justifyContent": "center",
                "width": "100%",
              }
            }
          >
            <Text
              style={
                {
                  "fontFamily": "Postino_std",
                  "fontSize": 24,
                  "textAlign": "center",
                }
              }
            >
              a
            </Text>
          </View>
        </View>
        <View
          style={
            [
              {
                "alignItems": "center",
                "backgroundColor": "#8BF0BC",
                "borderRadius": 10,
                "justifyContent": "center",
              },
              {
                "display": "none",
                "height": 75,
                "width": 75,
              },
            ]
          }
        >
          <View
            style={
              {
                "alignItems": "center",
                "borderRadius": 10,
                "borderWidth": 1,
                "height": "100%",
                "justifyContent": "center",
                "width": "100%",
              }
            }
          >
            <Text
              style={
                {
                  "fontFamily": "Postino_std",
                  "fontSize": 24,
                  "textAlign": "center",
                }
              }
            >
              b
            </Text>
          </View>
        </View>
      </View>
    </View>
  </View>
</View>
`;
