// Jest Snapshot v1, https://goo.gl/fbAQLP

exports[`MyAppText Component renders correctly 1`] = `
<Text
  style={
    [
      {
        "fontFamily": "Quicksand",
      },
      undefined,
    ]
  }
>
  Test
</Text>
`;
