// Jest Snapshot v1, https://goo.gl/fbAQLP

exports[`PrivacyPolicy Component renders correctly 1`] = `
<View
  style={
    {
      "alignItems": "center",
      "flex": 1,
      "justifyContent": "center",
    }
  }
>
  <View
    style={
      {
        "alignItems": "center",
        "backgroundColor": "#CBE6F7",
        "borderColor": "black",
        "borderRadius": 10,
        "borderWidth": 1,
        "height": "80%",
        "justifyContent": "center",
        "width": "80%",
      }
    }
  >
    <Text
      style={
        [
          {
            "fontFamily": "Quicksand",
          },
          {
            "fontSize": 30,
          },
        ]
      }
    >
      Privacy Policy
    </Text>
    <RCTScrollView
      style={
        {
          "backgroundColor": "white",
          "borderRadius": 10,
          "margin": 10,
          "paddingHorizontal": 20,
          "width": "90%",
        }
      }
    >
      <View>
        <Text
          style={
            [
              {
                "fontFamily": "Quicksand",
              },
              {
                "fontSize": 20,
                "fontWeight": "bold",
              },
            ]
          }
        >
          Effective Date: 7th March 2025
        </Text>
        <Text
          style={
            [
              {
                "fontFamily": "Quicksand",
              },
              undefined,
            ]
          }
        >
          Slide and Spell respects your privacy. This Privacy Policy explains how we handle your information when you use our word game app Slide and Spell.
        </Text>
        <Text
          style={
            [
              {
                "fontFamily": "Quicksand",
              },
              {
                "fontSize": 20,
                "fontWeight": "bold",
              },
            ]
          }
        >
          Information We Collect
        </Text>
        <Text
          style={
            [
              {
                "fontFamily": "Quicksand",
              },
              undefined,
            ]
          }
        >
          We collect and store your email address solely for authentication purposes. We do not collect, store, or process any other personal information.
        </Text>
        <Text
          style={
            [
              {
                "fontFamily": "Quicksand",
              },
              {
                "fontSize": 20,
                "fontWeight": "bold",
              },
            ]
          }
        >
          How We Use Your Information
        </Text>
        <Text
          style={
            [
              {
                "fontFamily": "Quicksand",
              },
              undefined,
            ]
          }
        >
          Your email address is used exclusively to authenticate your identity and allow access to the App. We do not share, sell, or use your email address for any other purpose.
        </Text>
        <Text
          style={
            [
              {
                "fontFamily": "Quicksand",
              },
              {
                "fontSize": 20,
                "fontWeight": "bold",
              },
            ]
          }
        >
          Data Security
        </Text>
        <Text
          style={
            [
              {
                "fontFamily": "Quicksand",
              },
              undefined,
            ]
          }
        >
          We implement appropriate security measures to protect your email address from unauthorized access, disclosure, or misuse.
        </Text>
        <Text
          style={
            [
              {
                "fontFamily": "Quicksand",
              },
              {
                "fontSize": 20,
                "fontWeight": "bold",
              },
            ]
          }
        >
          Third-Party Services
        </Text>
        <Text
          style={
            [
              {
                "fontFamily": "Quicksand",
              },
              undefined,
            ]
          }
        >
          Our App does not share your email address with third parties or integrate with third-party services for data processing.
        </Text>
        <Text
          style={
            [
              {
                "fontFamily": "Quicksand",
              },
              {
                "fontSize": 20,
                "fontWeight": "bold",
              },
            ]
          }
        >
          Your Rights
        </Text>
        <Text
          style={
            [
              {
                "fontFamily": "Quicksand",
              },
              undefined,
            ]
          }
        >
          Since we only collect your email address for authentication, you have the right to request its deletion. If you wish to delete your account and associated email address, please contact us at
          <View
            accessibilityState={
              {
                "busy": undefined,
                "checked": undefined,
                "disabled": undefined,
                "expanded": undefined,
                "selected": undefined,
              }
            }
            accessibilityValue={
              {
                "max": undefined,
                "min": undefined,
                "now": undefined,
                "text": undefined,
              }
            }
            accessible={true}
            collapsable={false}
            focusable={true}
            onClick={[Function]}
            onResponderGrant={[Function]}
            onResponderMove={[Function]}
            onResponderRelease={[Function]}
            onResponderTerminate={[Function]}
            onResponderTerminationRequest={[Function]}
            onStartShouldSetResponder={[Function]}
            style={
              {
                "opacity": 1,
              }
            }
          >
            <Text
              style={
                [
                  {
                    "fontFamily": "Quicksand",
                  },
                  {
                    "textDecorationLine": "underline",
                  },
                ]
              }
            >
              slideandspell@gmail.com
            </Text>
          </View>
          .
        </Text>
        <Text
          style={
            [
              {
                "fontFamily": "Quicksand",
              },
              {
                "fontSize": 20,
                "fontWeight": "bold",
              },
            ]
          }
        >
          Changes to This Policy
        </Text>
        <Text
          style={
            [
              {
                "fontFamily": "Quicksand",
              },
              undefined,
            ]
          }
        >
          We may update this Privacy Policy from time to time. Any changes will be posted within the App, and continued use of the App after changes are made signifies your acceptance of the updated policy.
        </Text>
        <Text
          style={
            [
              {
                "fontFamily": "Quicksand",
              },
              {
                "fontSize": 20,
                "fontWeight": "bold",
              },
            ]
          }
        >
          Contact Us
        </Text>
        <Text
          style={
            [
              {
                "fontFamily": "Quicksand",
              },
              undefined,
            ]
          }
        >
          If you have any questions about this Privacy Policy, please contact us at
          <View
            accessibilityState={
              {
                "busy": undefined,
                "checked": undefined,
                "disabled": undefined,
                "expanded": undefined,
                "selected": undefined,
              }
            }
            accessibilityValue={
              {
                "max": undefined,
                "min": undefined,
                "now": undefined,
                "text": undefined,
              }
            }
            accessible={true}
            collapsable={false}
            focusable={true}
            onClick={[Function]}
            onResponderGrant={[Function]}
            onResponderMove={[Function]}
            onResponderRelease={[Function]}
            onResponderTerminate={[Function]}
            onResponderTerminationRequest={[Function]}
            onStartShouldSetResponder={[Function]}
            style={
              {
                "opacity": 1,
              }
            }
          >
            <Text
              style={
                [
                  {
                    "fontFamily": "Quicksand",
                  },
                  {
                    "textDecorationLine": "underline",
                  },
                ]
              }
            >
              slideandspell@gmail.com
            </Text>
          </View>
          .
        </Text>
      </View>
    </RCTScrollView>
    <View
      accessibilityState={
        {
          "busy": undefined,
          "checked": undefined,
          "disabled": undefined,
          "expanded": undefined,
          "selected": undefined,
        }
      }
      accessibilityValue={
        {
          "max": undefined,
          "min": undefined,
          "now": undefined,
          "text": undefined,
        }
      }
      accessible={true}
      collapsable={false}
      focusable={true}
      onClick={[Function]}
      onResponderGrant={[Function]}
      onResponderMove={[Function]}
      onResponderRelease={[Function]}
      onResponderTerminate={[Function]}
      onResponderTerminationRequest={[Function]}
      onStartShouldSetResponder={[Function]}
      style={
        {
          "alignItems": "center",
          "backgroundColor": "#8BF0BC",
          "borderRadius": 10,
          "borderWidth": 1,
          "marginBottom": 20,
          "opacity": 1,
          "padding": 12,
          "width": "90%",
        }
      }
      testID="authButton"
    >
      <Text
        style={
          [
            {
              "fontFamily": "Quicksand",
            },
            {
              "color": "black",
              "fontSize": 20,
              "fontWeight": "bold",
            },
          ]
        }
      >
        Close
      </Text>
    </View>
  </View>
</View>
`;
