// Jest Snapshot v1, https://goo.gl/fbAQLP

exports[`SignUp Component renders correctly 1`] = `
<View
  style={
    {
      "alignItems": "center",
      "justifyContent": "center",
      "width": "100%",
    }
  }
>
  <Text
    style={
      [
        {
          "fontFamily": "Quicksand",
        },
        {
          "fontSize": 30,
        },
      ]
    }
  >
    Sign Up
  </Text>
  <View
    style={
      {
        "alignItems": "center",
        "width": "100%",
      }
    }
  >
    <TextInput
      autoComplete="email"
      autoCorrect={false}
      inputMode="email"
      onChangeText={[Function]}
      placeholder="Email"
      style={
        {
          "backgroundColor": "white",
          "borderRadius": 10,
          "borderWidth": 1,
          "fontSize": 20,
          "height": 50,
          "marginTop": 10,
          "padding": 10,
          "width": "90%",
        }
      }
      value=""
    />
    <TextInput
      autoCorrect={false}
      onChangeText={[Function]}
      placeholder="Display Name"
      style={
        {
          "backgroundColor": "white",
          "borderRadius": 10,
          "borderWidth": 1,
          "fontSize": 20,
          "height": 50,
          "marginTop": 10,
          "padding": 10,
          "width": "90%",
        }
      }
      value=""
    />
    <TextInput
      autoCorrect={false}
      onChangeText={[Function]}
      placeholder="Password"
      secureTextEntry={true}
      style={
        {
          "backgroundColor": "white",
          "borderRadius": 10,
          "borderWidth": 1,
          "fontSize": 20,
          "height": 50,
          "marginTop": 10,
          "padding": 10,
          "width": "90%",
        }
      }
      value=""
    />
    <TextInput
      autoCorrect={false}
      onChangeText={[Function]}
      placeholder="Confirm Password"
      secureTextEntry={true}
      style={
        {
          "backgroundColor": "white",
          "borderRadius": 10,
          "borderWidth": 1,
          "fontSize": 20,
          "height": 50,
          "marginTop": 10,
          "padding": 10,
          "width": "90%",
        }
      }
      value=""
    />
  </View>
  <View
    accessibilityState={
      {
        "busy": undefined,
        "checked": undefined,
        "disabled": undefined,
        "expanded": undefined,
        "selected": undefined,
      }
    }
    accessibilityValue={
      {
        "max": undefined,
        "min": undefined,
        "now": undefined,
        "text": undefined,
      }
    }
    accessible={true}
    collapsable={false}
    focusable={true}
    onClick={[Function]}
    onResponderGrant={[Function]}
    onResponderMove={[Function]}
    onResponderRelease={[Function]}
    onResponderTerminate={[Function]}
    onResponderTerminationRequest={[Function]}
    onStartShouldSetResponder={[Function]}
    style={
      {
        "alignItems": "center",
        "height": 40,
        "justifyContent": "center",
        "opacity": 1,
      }
    }
  >
    <Text
      style={
        [
          {
            "fontFamily": "Quicksand",
          },
          undefined,
        ]
      }
    >
      By Signing up you agree to our 
      <Text
        style={
          [
            {
              "fontFamily": "Quicksand",
            },
            {
              "textDecorationLine": "underline",
            },
          ]
        }
      >
        Privacy Policy
      </Text>
    </Text>
  </View>
  <View
    accessibilityState={
      {
        "busy": undefined,
        "checked": undefined,
        "disabled": undefined,
        "expanded": undefined,
        "selected": undefined,
      }
    }
    accessibilityValue={
      {
        "max": undefined,
        "min": undefined,
        "now": undefined,
        "text": undefined,
      }
    }
    accessible={true}
    collapsable={false}
    focusable={true}
    onClick={[Function]}
    onResponderGrant={[Function]}
    onResponderMove={[Function]}
    onResponderRelease={[Function]}
    onResponderTerminate={[Function]}
    onResponderTerminationRequest={[Function]}
    onStartShouldSetResponder={[Function]}
    style={
      {
        "alignItems": "center",
        "backgroundColor": "#8BF0BC",
        "borderRadius": 10,
        "borderWidth": 1,
        "marginBottom": 20,
        "opacity": 1,
        "padding": 12,
        "width": "90%",
      }
    }
    testID="authButton"
  >
    <Text
      style={
        [
          {
            "fontFamily": "Quicksand",
          },
          {
            "color": "black",
            "fontSize": 20,
            "fontWeight": "bold",
          },
        ]
      }
    >
      Sign Up
    </Text>
  </View>
  <View
    accessibilityState={
      {
        "busy": undefined,
        "checked": undefined,
        "disabled": undefined,
        "expanded": undefined,
        "selected": undefined,
      }
    }
    accessibilityValue={
      {
        "max": undefined,
        "min": undefined,
        "now": undefined,
        "text": undefined,
      }
    }
    accessible={true}
    collapsable={false}
    focusable={true}
    onClick={[Function]}
    onResponderGrant={[Function]}
    onResponderMove={[Function]}
    onResponderRelease={[Function]}
    onResponderTerminate={[Function]}
    onResponderTerminationRequest={[Function]}
    onStartShouldSetResponder={[Function]}
    style={
      {
        "alignItems": "center",
        "backgroundColor": "white",
        "borderColor": "#8BF0BC",
        "borderRadius": 10,
        "borderWidth": 1,
        "marginBottom": 20,
        "opacity": 1,
        "padding": 12,
        "width": "90%",
      }
    }
    testID="authButton"
  >
    <Text
      style={
        [
          {
            "fontFamily": "Quicksand",
          },
          {
            "color": "black",
            "fontSize": 20,
            "fontWeight": "bold",
          },
        ]
      }
    >
      Back
    </Text>
  </View>
</View>
`;
