// Jest Snapshot v1, https://goo.gl/fbAQLP

exports[`Tutorial Component renders correctly 1`] = `
<View
  style={
    {
      "alignItems": "center",
      "backgroundColor": "#CBE6F7",
      "flex": 1,
      "justifyContent": "center",
      "width": "100%",
    }
  }
>
  <View
    style={
      {
        "alignItems": "center",
        "height": 100,
        "justifyContent": "center",
        "position": "absolute",
        "top": 20,
      }
    }
  >
    <Text
      style={
        [
          {
            "fontFamily": "Quicksand",
          },
          {
            "fontSize": 25,
            "textAlign": "center",
          },
        ]
      }
    >
      Slide the tiles to form words
    </Text>
  </View>
  <View
    style={
      {
        "alignItems": "center",
        "backgroundColor": "#CBE6F7",
        "justifyContent": "center",
      }
    }
  >
    <View
      collapsable={false}
      style={
        {
          "alignItems": "center",
          "justifyContent": "center",
          "opacity": 0,
          "position": "absolute",
          "transform": [
            {
              "translateX": 212.5,
            },
            {
              "translateY": 0,
            },
          ],
          "zIndex": 2,
        }
      }
    >
      MaterialCommunityIconsMock
    </View>
    <View
      collapsable={false}
      style={
        {
          "backgroundColor": "#FFFFFF",
          "borderRadius": 10,
          "borderWidth": 2,
          "flexDirection": "row",
          "height": 637.5,
          "position": "absolute",
          "transform": [
            {
              "translateY": 1334,
            },
          ],
          "width": 637.5,
          "zIndex": 1,
        }
      }
    >
      <View
        collapsable={false}
        style={
          {
            "position": "absolute",
            "transform": [
              {
                "translateX": -750,
              },
              {
                "translateY": -150,
              },
            ],
            "zIndex": 1,
          }
        }
      />
      <View
        collapsable={false}
        onMoveShouldSetResponder={[Function]}
        onMoveShouldSetResponderCapture={[Function]}
        onResponderEnd={[Function]}
        onResponderGrant={[Function]}
        onResponderMove={[Function]}
        onResponderReject={[Function]}
        onResponderRelease={[Function]}
        onResponderStart={[Function]}
        onResponderTerminate={[Function]}
        onResponderTerminationRequest={[Function]}
        onStartShouldSetResponder={[Function]}
        onStartShouldSetResponderCapture={[Function]}
        style={
          {
            "backgroundColor": "rgba(170, 170, 170, 1)",
            "borderRadius": 10,
            "height": 207.83333333333334,
            "margin": 1,
            "position": "absolute",
            "transform": [
              {
                "translateX": 0,
              },
              {
                "translateY": 0,
              },
            ],
            "width": 207.83333333333334,
          }
        }
      >
        <View
          style={
            {
              "alignItems": "center",
              "borderRadius": 10,
              "borderWidth": 1,
              "height": "100%",
              "justifyContent": "center",
              "width": "100%",
            }
          }
        >
          <Text
            style={
              {
                "fontFamily": "Postino_std",
                "fontSize": 24,
                "textAlign": "center",
              }
            }
          >
            t
          </Text>
        </View>
      </View>
      <View
        collapsable={false}
        onMoveShouldSetResponder={[Function]}
        onMoveShouldSetResponderCapture={[Function]}
        onResponderEnd={[Function]}
        onResponderGrant={[Function]}
        onResponderMove={[Function]}
        onResponderReject={[Function]}
        onResponderRelease={[Function]}
        onResponderStart={[Function]}
        onResponderTerminate={[Function]}
        onResponderTerminationRequest={[Function]}
        onStartShouldSetResponder={[Function]}
        onStartShouldSetResponderCapture={[Function]}
        style={
          {
            "backgroundColor": "rgba(170, 170, 170, 1)",
            "borderRadius": 10,
            "height": 207.83333333333334,
            "margin": 1,
            "position": "absolute",
            "transform": [
              {
                "translateX": 211.83333333333334,
              },
              {
                "translateY": 0,
              },
            ],
            "width": 207.83333333333334,
          }
        }
      >
        <View
          style={
            {
              "alignItems": "center",
              "borderRadius": 10,
              "borderWidth": 1,
              "height": "100%",
              "justifyContent": "center",
              "width": "100%",
            }
          }
        >
          <Text
            style={
              {
                "fontFamily": "Postino_std",
                "fontSize": 24,
                "textAlign": "center",
              }
            }
          >
            w
          </Text>
        </View>
      </View>
      <View
        style={
          {
            "backgroundColor": "#FFFFFF",
            "borderRadius": 10,
            "height": 207.83333333333334,
            "transform": [
              {
                "translateX": 423.6666666666667,
              },
              {
                "translateY": 0,
              },
            ],
            "width": 207.83333333333334,
            "zIndex": -1,
          }
        }
      />
      <View
        collapsable={false}
        onMoveShouldSetResponder={[Function]}
        onMoveShouldSetResponderCapture={[Function]}
        onResponderEnd={[Function]}
        onResponderGrant={[Function]}
        onResponderMove={[Function]}
        onResponderReject={[Function]}
        onResponderRelease={[Function]}
        onResponderStart={[Function]}
        onResponderTerminate={[Function]}
        onResponderTerminationRequest={[Function]}
        onStartShouldSetResponder={[Function]}
        onStartShouldSetResponderCapture={[Function]}
        style={
          {
            "backgroundColor": "rgba(170, 170, 170, 1)",
            "borderRadius": 10,
            "height": 207.83333333333334,
            "margin": 1,
            "position": "absolute",
            "transform": [
              {
                "translateX": 0,
              },
              {
                "translateY": 211.83333333333334,
              },
            ],
            "width": 207.83333333333334,
          }
        }
      >
        <View
          style={
            {
              "alignItems": "center",
              "borderRadius": 10,
              "borderWidth": 1,
              "height": "100%",
              "justifyContent": "center",
              "width": "100%",
            }
          }
        >
          <Text
            style={
              {
                "fontFamily": "Postino_std",
                "fontSize": 24,
                "textAlign": "center",
              }
            }
          >
            t
          </Text>
        </View>
      </View>
      <View
        collapsable={false}
        onMoveShouldSetResponder={[Function]}
        onMoveShouldSetResponderCapture={[Function]}
        onResponderEnd={[Function]}
        onResponderGrant={[Function]}
        onResponderMove={[Function]}
        onResponderReject={[Function]}
        onResponderRelease={[Function]}
        onResponderStart={[Function]}
        onResponderTerminate={[Function]}
        onResponderTerminationRequest={[Function]}
        onStartShouldSetResponder={[Function]}
        onStartShouldSetResponderCapture={[Function]}
        style={
          {
            "backgroundColor": "rgba(170, 170, 170, 1)",
            "borderRadius": 10,
            "height": 207.83333333333334,
            "margin": 1,
            "position": "absolute",
            "transform": [
              {
                "translateX": 211.83333333333334,
              },
              {
                "translateY": 211.83333333333334,
              },
            ],
            "width": 207.83333333333334,
          }
        }
      >
        <View
          style={
            {
              "alignItems": "center",
              "borderRadius": 10,
              "borderWidth": 1,
              "height": "100%",
              "justifyContent": "center",
              "width": "100%",
            }
          }
        >
          <Text
            style={
              {
                "fontFamily": "Postino_std",
                "fontSize": 24,
                "textAlign": "center",
              }
            }
          >
            i
          </Text>
        </View>
      </View>
      <View
        collapsable={false}
        onMoveShouldSetResponder={[Function]}
        onMoveShouldSetResponderCapture={[Function]}
        onResponderEnd={[Function]}
        onResponderGrant={[Function]}
        onResponderMove={[Function]}
        onResponderReject={[Function]}
        onResponderRelease={[Function]}
        onResponderStart={[Function]}
        onResponderTerminate={[Function]}
        onResponderTerminationRequest={[Function]}
        onStartShouldSetResponder={[Function]}
        onStartShouldSetResponderCapture={[Function]}
        style={
          {
            "backgroundColor": "rgba(170, 170, 170, 1)",
            "borderRadius": 10,
            "height": 207.83333333333334,
            "margin": 1,
            "position": "absolute",
            "transform": [
              {
                "translateX": 423.6666666666667,
              },
              {
                "translateY": 211.83333333333334,
              },
            ],
            "width": 207.83333333333334,
          }
        }
      >
        <View
          style={
            {
              "alignItems": "center",
              "borderRadius": 10,
              "borderWidth": 1,
              "height": "100%",
              "justifyContent": "center",
              "width": "100%",
            }
          }
        >
          <Text
            style={
              {
                "fontFamily": "Postino_std",
                "fontSize": 24,
                "textAlign": "center",
              }
            }
          >
            o
          </Text>
        </View>
      </View>
      <View
        collapsable={false}
        onMoveShouldSetResponder={[Function]}
        onMoveShouldSetResponderCapture={[Function]}
        onResponderEnd={[Function]}
        onResponderGrant={[Function]}
        onResponderMove={[Function]}
        onResponderReject={[Function]}
        onResponderRelease={[Function]}
        onResponderStart={[Function]}
        onResponderTerminate={[Function]}
        onResponderTerminationRequest={[Function]}
        onStartShouldSetResponder={[Function]}
        onStartShouldSetResponderCapture={[Function]}
        style={
          {
            "backgroundColor": "rgba(170, 170, 170, 1)",
            "borderRadius": 10,
            "height": 207.83333333333334,
            "margin": 1,
            "position": "absolute",
            "transform": [
              {
                "translateX": 0,
              },
              {
                "translateY": 423.6666666666667,
              },
            ],
            "width": 207.83333333333334,
          }
        }
      >
        <View
          style={
            {
              "alignItems": "center",
              "borderRadius": 10,
              "borderWidth": 1,
              "height": "100%",
              "justifyContent": "center",
              "width": "100%",
            }
          }
        >
          <Text
            style={
              {
                "fontFamily": "Postino_std",
                "fontSize": 24,
                "textAlign": "center",
              }
            }
          >
            l
          </Text>
        </View>
      </View>
      <View
        collapsable={false}
        onMoveShouldSetResponder={[Function]}
        onMoveShouldSetResponderCapture={[Function]}
        onResponderEnd={[Function]}
        onResponderGrant={[Function]}
        onResponderMove={[Function]}
        onResponderReject={[Function]}
        onResponderRelease={[Function]}
        onResponderStart={[Function]}
        onResponderTerminate={[Function]}
        onResponderTerminationRequest={[Function]}
        onStartShouldSetResponder={[Function]}
        onStartShouldSetResponderCapture={[Function]}
        style={
          {
            "backgroundColor": "rgba(170, 170, 170, 1)",
            "borderRadius": 10,
            "height": 207.83333333333334,
            "margin": 1,
            "position": "absolute",
            "transform": [
              {
                "translateX": 211.83333333333334,
              },
              {
                "translateY": 423.6666666666667,
              },
            ],
            "width": 207.83333333333334,
          }
        }
      >
        <View
          style={
            {
              "alignItems": "center",
              "borderRadius": 10,
              "borderWidth": 1,
              "height": "100%",
              "justifyContent": "center",
              "width": "100%",
            }
          }
        >
          <Text
            style={
              {
                "fontFamily": "Postino_std",
                "fontSize": 24,
                "textAlign": "center",
              }
            }
          >
            o
          </Text>
        </View>
      </View>
      <View
        collapsable={false}
        onMoveShouldSetResponder={[Function]}
        onMoveShouldSetResponderCapture={[Function]}
        onResponderEnd={[Function]}
        onResponderGrant={[Function]}
        onResponderMove={[Function]}
        onResponderReject={[Function]}
        onResponderRelease={[Function]}
        onResponderStart={[Function]}
        onResponderTerminate={[Function]}
        onResponderTerminationRequest={[Function]}
        onStartShouldSetResponder={[Function]}
        onStartShouldSetResponderCapture={[Function]}
        style={
          {
            "backgroundColor": "rgba(170, 170, 170, 1)",
            "borderRadius": 10,
            "height": 207.83333333333334,
            "margin": 1,
            "position": "absolute",
            "transform": [
              {
                "translateX": 423.6666666666667,
              },
              {
                "translateY": 423.6666666666667,
              },
            ],
            "width": 207.83333333333334,
          }
        }
      >
        <View
          style={
            {
              "alignItems": "center",
              "borderRadius": 10,
              "borderWidth": 1,
              "height": "100%",
              "justifyContent": "center",
              "width": "100%",
            }
          }
        >
          <Text
            style={
              {
                "fontFamily": "Postino_std",
                "fontSize": 24,
                "textAlign": "center",
              }
            }
          >
            e
          </Text>
        </View>
      </View>
    </View>
    <View
      style={
        {
          "alignItems": "center",
          "position": "absolute",
          "top": -529.5833333333334,
          "width": "100%",
          "zIndex": 1,
        }
      }
    >
      <View
        collapsable={false}
        onMoveShouldSetResponder={[Function]}
        onMoveShouldSetResponderCapture={[Function]}
        onResponderEnd={[Function]}
        onResponderGrant={[Function]}
        onResponderMove={[Function]}
        onResponderReject={[Function]}
        onResponderRelease={[Function]}
        onResponderStart={[Function]}
        onResponderTerminate={[Function]}
        onResponderTerminationRequest={[Function]}
        onStartShouldSetResponder={[Function]}
        onStartShouldSetResponderCapture={[Function]}
        style={
          {
            "alignItems": "center",
            "backgroundColor": "#AAA",
            "borderRadius": 10,
            "height": 207.83333333333334,
            "justifyContent": "center",
            "margin": 1,
            "transform": [
              {
                "translateX": 0,
              },
              {
                "translateY": 0,
              },
            ],
            "width": 207.83333333333334,
          }
        }
      >
        <View
          style={
            {
              "alignItems": "center",
              "borderRadius": 10,
              "borderWidth": 1,
              "height": "100%",
              "justifyContent": "center",
              "width": "100%",
            }
          }
        >
          <Text
            style={
              {
                "fontFamily": "Postino_std",
                "fontSize": 24,
                "textAlign": "center",
              }
            }
          >
            t
          </Text>
        </View>
      </View>
    </View>
    <View
      style={
        {
          "flexDirection": "row",
          "marginTop": 20,
          "position": "absolute",
          "zIndex": 0,
        }
      }
    >
      <View
        collapsable={false}
        style={
          {
            "alignItems": "center",
            "backgroundColor": "#8BF0BC",
            "borderBottomWidth": 5,
            "borderColor": "white",
            "borderTopWidth": 5,
            "flexDirection": "column",
            "justifyContent": "center",
            "paddingVertical": 10,
            "transform": [
              {
                "translateX": -750,
              },
              {
                "translateY": 200,
              },
            ],
            "width": 375,
          }
        }
      >
        <Text
          style={
            {
              "color": "black",
              "fontSize": 20,
              "textAlign": "center",
            }
          }
        >
          Time
        </Text>
        <Text
          style={
            {
              "color": "black",
              "fontSize": 20,
              "textAlign": "center",
            }
          }
        >
          00:00:00
        </Text>
      </View>
      <View
        collapsable={false}
        style={
          {
            "alignItems": "center",
            "backgroundColor": "#8BF0BC",
            "borderBottomWidth": 5,
            "borderColor": "white",
            "borderTopWidth": 5,
            "flexDirection": "column",
            "justifyContent": "center",
            "paddingVertical": 10,
            "transform": [
              {
                "translateX": 750,
              },
              {
                "translateY": 200,
              },
            ],
            "width": 375,
          }
        }
      >
        <Text
          style={
            {
              "color": "black",
              "fontSize": 20,
              "textAlign": "center",
            }
          }
        >
          Slides
        </Text>
        <Text
          style={
            {
              "color": "black",
              "fontSize": 20,
              "textAlign": "center",
            }
          }
        >
          0
        </Text>
      </View>
    </View>
  </View>
  <View
    accessibilityState={
      {
        "busy": undefined,
        "checked": undefined,
        "disabled": undefined,
        "expanded": undefined,
        "selected": undefined,
      }
    }
    accessibilityValue={
      {
        "max": undefined,
        "min": undefined,
        "now": undefined,
        "text": undefined,
      }
    }
    accessible={true}
    collapsable={false}
    focusable={true}
    onClick={[Function]}
    onResponderGrant={[Function]}
    onResponderMove={[Function]}
    onResponderRelease={[Function]}
    onResponderTerminate={[Function]}
    onResponderTerminationRequest={[Function]}
    onStartShouldSetResponder={[Function]}
    style={
      {
        "alignItems": "center",
        "backgroundColor": "#8BF0BC",
        "borderRadius": 10,
        "borderWidth": 1,
        "bottom": 20,
        "marginBottom": 20,
        "opacity": 1,
        "padding": 12,
        "position": "absolute",
        "width": "90%",
      }
    }
    testID="authButton"
  >
    <Text
      style={
        [
          {
            "fontFamily": "Quicksand",
          },
          {
            "color": "black",
            "fontSize": 20,
            "fontWeight": "bold",
          },
        ]
      }
    >
      End Tutorial
    </Text>
  </View>
</View>
`;
