// Jest Snapshot v1, https://goo.gl/fbAQLP

exports[`Welcome Component renders correctly 1`] = `
[
  <View
    style={
      {
        "alignItems": "center",
        "borderRadius": 10,
        "padding": 12,
        "width": "90%",
      }
    }
  >
    <Text
      style={
        [
          {
            "fontFamily": "Quicksand",
          },
          {
            "color": "black",
            "fontSize": 30,
            "fontWeight": "bold",
          },
        ]
      }
    >
      Hi
    </Text>
    <Text
      style={
        [
          {
            "fontFamily": "Quicksand",
          },
          {
            "color": "black",
            "fontSize": 15,
            "fontWeight": "bold",
            "marginBottom": 20,
            "textAlign": "center",
          },
        ]
      }
    >
      Welcome to Slide and Spell, please sign in for stats and leaderboards, or hit endless mode to play without stats or tracking.
    </Text>
  </View>,
  <View
    style={
      {
        "alignItems": "center",
        "flexDirection": "column",
        "justifyContent": "space-between",
        "width": "100%",
      }
    }
  >
    <View
      accessibilityState={
        {
          "busy": undefined,
          "checked": undefined,
          "disabled": undefined,
          "expanded": undefined,
          "selected": undefined,
        }
      }
      accessibilityValue={
        {
          "max": undefined,
          "min": undefined,
          "now": undefined,
          "text": undefined,
        }
      }
      accessible={true}
      collapsable={false}
      focusable={true}
      onClick={[Function]}
      onResponderGrant={[Function]}
      onResponderMove={[Function]}
      onResponderRelease={[Function]}
      onResponderTerminate={[Function]}
      onResponderTerminationRequest={[Function]}
      onStartShouldSetResponder={[Function]}
      style={
        {
          "alignItems": "center",
          "backgroundColor": "#8BF0BC",
          "borderRadius": 10,
          "borderWidth": 1,
          "marginBottom": 20,
          "opacity": 1,
          "padding": 12,
          "width": "90%",
        }
      }
      testID="authButton"
    >
      <Text
        style={
          [
            {
              "fontFamily": "Quicksand",
            },
            {
              "color": "black",
              "fontSize": 20,
              "fontWeight": "bold",
            },
          ]
        }
      >
        Sign In
      </Text>
    </View>
    <View
      accessibilityState={
        {
          "busy": undefined,
          "checked": undefined,
          "disabled": undefined,
          "expanded": undefined,
          "selected": undefined,
        }
      }
      accessibilityValue={
        {
          "max": undefined,
          "min": undefined,
          "now": undefined,
          "text": undefined,
        }
      }
      accessible={true}
      collapsable={false}
      focusable={true}
      onClick={[Function]}
      onResponderGrant={[Function]}
      onResponderMove={[Function]}
      onResponderRelease={[Function]}
      onResponderTerminate={[Function]}
      onResponderTerminationRequest={[Function]}
      onStartShouldSetResponder={[Function]}
      style={
        {
          "alignItems": "center",
          "backgroundColor": "white",
          "borderColor": "#8BF0BC",
          "borderRadius": 10,
          "borderWidth": 1,
          "marginBottom": 20,
          "opacity": 1,
          "padding": 12,
          "width": "90%",
        }
      }
      testID="authButton"
    >
      <Text
        style={
          [
            {
              "fontFamily": "Quicksand",
            },
            {
              "color": "black",
              "fontSize": 20,
              "fontWeight": "bold",
            },
          ]
        }
      >
        Sign Up
      </Text>
    </View>
  </View>,
  <View
    style={
      {
        "alignItems": "center",
        "height": "60%",
        "justifyContent": "flex-end",
        "width": "100%",
      }
    }
  >
    <View
      accessibilityState={
        {
          "busy": undefined,
          "checked": undefined,
          "disabled": undefined,
          "expanded": undefined,
          "selected": undefined,
        }
      }
      accessibilityValue={
        {
          "max": undefined,
          "min": undefined,
          "now": undefined,
          "text": undefined,
        }
      }
      accessible={true}
      collapsable={false}
      focusable={true}
      onClick={[Function]}
      onResponderGrant={[Function]}
      onResponderMove={[Function]}
      onResponderRelease={[Function]}
      onResponderTerminate={[Function]}
      onResponderTerminationRequest={[Function]}
      onStartShouldSetResponder={[Function]}
      style={
        {
          "alignItems": "center",
          "backgroundColor": "white",
          "borderColor": "#8BF0BC",
          "borderRadius": 10,
          "borderWidth": 1,
          "marginBottom": 20,
          "opacity": 1,
          "padding": 12,
          "width": "90%",
        }
      }
      testID="authButton"
    >
      <Text
        style={
          [
            {
              "fontFamily": "Quicksand",
            },
            {
              "color": "black",
              "fontSize": 20,
              "fontWeight": "bold",
            },
          ]
        }
      >
        Endless Mode
      </Text>
    </View>
  </View>,
]
`;
