// Jest Snapshot v1, https://goo.gl/fbAQLP

exports[`EndlessGame Component renders correctly 1`] = `
<View
  style={
    {
      "alignItems": "center",
      "backgroundColor": "#CBE6F7",
      "flex": 1,
      "justifyContent": "center",
      "width": "100%",
    }
  }
>
  <View
    style={
      {
        "alignItems": "center",
        "flexDirection": "column",
        "width": "100%",
      }
    }
  >
    <View
      style={
        {
          "alignItems": "center",
          "justifyContent": "center",
          "marginVertical": 5,
          "width": "100%",
        }
      }
    >
      <View
        collapsable={false}
        style={
          {
            "transform": [
              {
                "translateX": 750,
              },
            ],
            "width": "80%",
          }
        }
      >
        <View
          accessibilityState={
            {
              "busy": undefined,
              "checked": undefined,
              "disabled": undefined,
              "expanded": undefined,
              "selected": undefined,
            }
          }
          accessibilityValue={
            {
              "max": undefined,
              "min": undefined,
              "now": undefined,
              "text": undefined,
            }
          }
          accessible={true}
          collapsable={false}
          focusable={true}
          onClick={[Function]}
          onResponderGrant={[Function]}
          onResponderMove={[Function]}
          onResponderRelease={[Function]}
          onResponderTerminate={[Function]}
          onResponderTerminationRequest={[Function]}
          onStartShouldSetResponder={[Function]}
          style={
            {
              "alignItems": "center",
              "backgroundColor": "white",
              "borderColor": "#8BF0BC",
              "borderRadius": 10,
              "borderWidth": 1,
              "justifyContent": "center",
              "opacity": 1,
              "padding": 10,
            }
          }
          testID="menuButton"
        >
          <Text
            style={
              [
                {
                  "fontFamily": "Quicksand",
                },
                {
                  "color": "black",
                  "fontSize": 51,
                  "textAlign": "center",
                },
              ]
            }
          >
            3x3
          </Text>
        </View>
      </View>
    </View>
    <View
      style={
        {
          "alignItems": "center",
          "justifyContent": "center",
          "marginVertical": 5,
          "width": "100%",
        }
      }
    >
      <View
        collapsable={false}
        style={
          {
            "transform": [
              {
                "translateX": 750,
              },
            ],
            "width": "80%",
          }
        }
      >
        <View
          accessibilityState={
            {
              "busy": undefined,
              "checked": undefined,
              "disabled": undefined,
              "expanded": undefined,
              "selected": undefined,
            }
          }
          accessibilityValue={
            {
              "max": undefined,
              "min": undefined,
              "now": undefined,
              "text": undefined,
            }
          }
          accessible={true}
          collapsable={false}
          focusable={true}
          onClick={[Function]}
          onResponderGrant={[Function]}
          onResponderMove={[Function]}
          onResponderRelease={[Function]}
          onResponderTerminate={[Function]}
          onResponderTerminationRequest={[Function]}
          onStartShouldSetResponder={[Function]}
          style={
            {
              "alignItems": "center",
              "backgroundColor": "white",
              "borderColor": "#8BF0BC",
              "borderRadius": 10,
              "borderWidth": 1,
              "justifyContent": "center",
              "opacity": 1,
              "padding": 10,
            }
          }
          testID="menuButton"
        >
          <Text
            style={
              [
                {
                  "fontFamily": "Quicksand",
                },
                {
                  "color": "black",
                  "fontSize": 51,
                  "textAlign": "center",
                },
              ]
            }
          >
            4x4
          </Text>
        </View>
      </View>
    </View>
    <View
      style={
        {
          "alignItems": "center",
          "justifyContent": "center",
          "marginVertical": 5,
          "width": "100%",
        }
      }
    >
      <View
        collapsable={false}
        style={
          {
            "transform": [
              {
                "translateX": 750,
              },
            ],
            "width": "80%",
          }
        }
      >
        <View
          accessibilityState={
            {
              "busy": undefined,
              "checked": undefined,
              "disabled": undefined,
              "expanded": undefined,
              "selected": undefined,
            }
          }
          accessibilityValue={
            {
              "max": undefined,
              "min": undefined,
              "now": undefined,
              "text": undefined,
            }
          }
          accessible={true}
          collapsable={false}
          focusable={true}
          onClick={[Function]}
          onResponderGrant={[Function]}
          onResponderMove={[Function]}
          onResponderRelease={[Function]}
          onResponderTerminate={[Function]}
          onResponderTerminationRequest={[Function]}
          onStartShouldSetResponder={[Function]}
          style={
            {
              "alignItems": "center",
              "backgroundColor": "white",
              "borderColor": "#8BF0BC",
              "borderRadius": 10,
              "borderWidth": 1,
              "justifyContent": "center",
              "opacity": 1,
              "padding": 10,
            }
          }
          testID="menuButton"
        >
          <Text
            style={
              [
                {
                  "fontFamily": "Quicksand",
                },
                {
                  "color": "black",
                  "fontSize": 51,
                  "textAlign": "center",
                },
              ]
            }
          >
            5x5
          </Text>
        </View>
      </View>
    </View>
    <View
      style={
        {
          "alignItems": "center",
          "justifyContent": "center",
          "marginVertical": 5,
          "width": "100%",
        }
      }
    >
      <View
        collapsable={false}
        style={
          {
            "transform": [
              {
                "translateX": 750,
              },
            ],
            "width": "80%",
          }
        }
      >
        <View
          accessibilityState={
            {
              "busy": undefined,
              "checked": undefined,
              "disabled": undefined,
              "expanded": undefined,
              "selected": undefined,
            }
          }
          accessibilityValue={
            {
              "max": undefined,
              "min": undefined,
              "now": undefined,
              "text": undefined,
            }
          }
          accessible={true}
          collapsable={false}
          focusable={true}
          onClick={[Function]}
          onResponderGrant={[Function]}
          onResponderMove={[Function]}
          onResponderRelease={[Function]}
          onResponderTerminate={[Function]}
          onResponderTerminationRequest={[Function]}
          onStartShouldSetResponder={[Function]}
          style={
            {
              "alignItems": "center",
              "backgroundColor": "white",
              "borderColor": "#8BF0BC",
              "borderRadius": 10,
              "borderWidth": 1,
              "justifyContent": "center",
              "opacity": 1,
              "padding": 10,
            }
          }
          testID="menuButton"
        >
          <Text
            style={
              [
                {
                  "fontFamily": "Quicksand",
                },
                {
                  "color": "black",
                  "fontSize": 51,
                  "textAlign": "center",
                },
              ]
            }
          >
            6x6
          </Text>
        </View>
      </View>
    </View>
  </View>
</View>
`;
